// Jest Snapshot v1, https://goo.gl/fbAQLP

exports[`must not return key if immutable 1`] = `null`;

exports[`must not return key if immutable with collapsed selection 1`] = `null`;

exports[`must not return key if mutable with collapsed selection at end of an entity 1`] = `null`;

exports[`must not return key if mutable_interior and on edge 1`] = `null`;

exports[`must not return key if mutable_interior and on edge 2`] = `null`;

exports[`must not return key if mutable_interior and on edge 3`] = `null`;

exports[`must not return key if mutable_interior and on edge 4`] = `null`;

exports[`must not return key if segmented 1`] = `null`;

exports[`must not return key if segmented with collapsed selection 1`] = `null`;

exports[`must return key if mutable 1`] = `
Immutable.OrderedSet [
  "123",
]
`;

exports[`must return key if mutable with collapsed selection 1`] = `
Immutable.OrderedSet [
  "123",
]
`;

exports[`must return key if mutable_interior 1`] = `
Immutable.OrderedSet [
  "123",
]
`;

exports[`must return key if mutable_interior 2`] = `
Immutable.OrderedSet [
  "123",
]
`;

exports[`must return key if the start is at the end of a block and the entity is mutable_interior 1`] = `
Immutable.OrderedSet [
  "123",
]
`;

exports[`must return mutable_interior key across previous and next blocks 1`] = `
Immutable.OrderedSet [
  "123",
]
`;

exports[`must return mutable_interior key across previous and next blocks 2`] = `
Immutable.OrderedSet [
  "123",
]
`;

exports[`must return null at start of block with collapsed selection 1`] = `null`;

exports[`must return null if start is at end of block 1`] = `null`;
